
> frontend@1.0.0 build
> next build

Γû▓ Next.js 16.1.7 (Turbopack)

  Creating an optimized production build ...
node.exe : 
At line:1 char:1
+ & 
"C:\nvm4w\nodejs/node.exe" "C
:\nvm4w\nodejs/node_modules/n
pm/bin/np ...
+ ~~~~~~~~~~~~~~~~~~~~~~~~~~~
~~~~~~~~~~~~~~~~~~~~~~~~~~~~~
~~~~~~~~~~~~~
    + CategoryInfo           
   : NotSpecified: (:String  
  ) [], RemoteException
    + FullyQualifiedErrorId  
   : NativeCommandError
 
> Build error occurred
Error: Turbopack build 
failed with 7 errors:
./src/app/dashboard/layout.ts
x
Specified module format 
(CommonJs) is not matching 
the module format of the 
source code (EcmaScript 
Modules)
The CommonJs module format 
was specified in the 
package.json that is 
affecting this source file 
or by using an special 
extension, but Ecmascript 
import/export syntax is used 
in the source code.
The module was automatically 
converted to an EcmaScript 
module, but that is in 
conflict with the specified 
module format. Either change 
the "type" field in the 
package.json or replace 
EcmaScript import/export 
syntax with CommonJs syntas 
in the source file.
In some cases EcmaScript 
import/export syntax is 
added by an transform and 
isn't actually part of the 
source code. In these cases 
revisit transformation 
options to inject the 
correct syntax.

Import traces:
  Client Component Browser:
    ./src/app/dashboard/layou
t.tsx [Client Component 
Browser]
    ./src/app/dashboard/layou
t.tsx [Server Component]

  Client Component SSR:
    ./src/app/dashboard/layou
t.tsx [Client Component SSR]
    ./src/app/dashboard/layou
t.tsx [Server Component]


./src/app/dashboard/media/pag
e.tsx
Specified module format 
(CommonJs) is not matching 
the module format of the 
source code (EcmaScript 
Modules)
The CommonJs module format 
was specified in the 
package.json that is 
affecting this source file 
or by using an special 
extension, but Ecmascript 
import/export syntax is used 
in the source code.
The module was automatically 
converted to an EcmaScript 
module, but that is in 
conflict with the specified 
module format. Either change 
the "type" field in the 
package.json or replace 
EcmaScript import/export 
syntax with CommonJs syntas 
in the source file.
In some cases EcmaScript 
import/export syntax is 
added by an transform and 
isn't actually part of the 
source code. In these cases 
revisit transformation 
options to inject the 
correct syntax.

Import traces:
  Client Component Browser:
    ./src/app/dashboard/media
/page.tsx [Client Component 
Browser]
    ./src/app/dashboard/media
/page.tsx [Server Component]

  Client Component SSR:
    ./src/app/dashboard/media
/page.tsx [Client Component 
SSR]
    ./src/app/dashboard/media
/page.tsx [Server Component]


./src/app/dashboard/page.tsx
Specified module format 
(CommonJs) is not matching 
the module format of the 
source code (EcmaScript 
Modules)
The CommonJs module format 
was specified in the 
package.json that is 
affecting this source file 
or by using an special 
extension, but Ecmascript 
import/export syntax is used 
in the source code.
The module was automatically 
converted to an EcmaScript 
module, but that is in 
conflict with the specified 
module format. Either change 
the "type" field in the 
package.json or replace 
EcmaScript import/export 
syntax with CommonJs syntas 
in the source file.
In some cases EcmaScript 
import/export syntax is 
added by an transform and 
isn't actually part of the 
source code. In these cases 
revisit transformation 
options to inject the 
correct syntax.


./src/app/layout.tsx
Specified module format 
(CommonJs) is not matching 
the module format of the 
source code (EcmaScript 
Modules)
The CommonJs module format 
was specified in the 
package.json that is 
affecting this source file 
or by using an special 
extension, but Ecmascript 
import/export syntax is used 
in the source code.
The module was automatically 
converted to an EcmaScript 
module, but that is in 
conflict with the specified 
module format. Either change 
the "type" field in the 
package.json or replace 
EcmaScript import/export 
syntax with CommonJs syntas 
in the source file.
In some cases EcmaScript 
import/export syntax is 
added by an transform and 
isn't actually part of the 
source code. In these cases 
revisit transformation 
options to inject the 
correct syntax.


./src/app/login/page.tsx
Specified module format 
(CommonJs) is not matching 
the module format of the 
source code (EcmaScript 
Modules)
The CommonJs module format 
was specified in the 
package.json that is 
affecting this source file 
or by using an special 
extension, but Ecmascript 
import/export syntax is used 
in the source code.
The module was automatically 
converted to an EcmaScript 
module, but that is in 
conflict with the specified 
module format. Either change 
the "type" field in the 
package.json or replace 
EcmaScript import/export 
syntax with CommonJs syntas 
in the source file.
In some cases EcmaScript 
import/export syntax is 
added by an transform and 
isn't actually part of the 
source code. In these cases 
revisit transformation 
options to inject the 
correct syntax.

Import traces:
  Client Component Browser:
    ./src/app/login/page.tsx 
[Client Component Browser]
    ./src/app/login/page.tsx 
[Server Component]

  Client Component SSR:
    ./src/app/login/page.tsx 
[Client Component SSR]
    ./src/app/login/page.tsx 
[Server Component]


./src/app/page.tsx
Specified module format 
(CommonJs) is not matching 
the module format of the 
source code (EcmaScript 
Modules)
The CommonJs module format 
was specified in the 
package.json that is 
affecting this source file 
or by using an special 
extension, but Ecmascript 
import/export syntax is used 
in the source code.
The module was automatically 
converted to an EcmaScript 
module, but that is in 
conflict with the specified 
module format. Either change 
the "type" field in the 
package.json or replace 
EcmaScript import/export 
syntax with CommonJs syntas 
in the source file.
In some cases EcmaScript 
import/export syntax is 
added by an transform and 
isn't actually part of the 
source code. In these cases 
revisit transformation 
options to inject the 
correct syntax.


./src/lib/api.ts
Specified module format 
(CommonJs) is not matching 
the module format of the 
source code (EcmaScript 
Modules)
The CommonJs module format 
was specified in the 
package.json that is 
affecting this source file 
or by using an special 
extension, but Ecmascript 
import/export syntax is used 
in the source code.
The module was automatically 
converted to an EcmaScript 
module, but that is in 
conflict with the specified 
module format. Either change 
the "type" field in the 
package.json or replace 
EcmaScript import/export 
syntax with CommonJs syntas 
in the source file.
In some cases EcmaScript 
import/export syntax is 
added by an transform and 
isn't actually part of the 
source code. In these cases 
revisit transformation 
options to inject the 
correct syntax.

Import traces:
  Client Component Browser:
    ./src/lib/api.ts [Client 
Component Browser]
    ./src/app/dashboard/media
/page.tsx [Client Component 
Browser]
    ./src/app/dashboard/media
/page.tsx [Server Component]

  Client Component SSR:
    ./src/lib/api.ts [Client 
Component SSR]
    ./src/app/dashboard/media
/page.tsx [Client Component 
SSR]
    ./src/app/dashboard/media
/page.tsx [Server Component]


    at ignore-listed frames
